------------------------------------------------------------
Timing Analyzer Summary
------------------------------------------------------------

Type  : Slow 1200mV 85C Model Setup 'clk'
Slack : -11.143
TNS   : -388.475

Type  : Slow 1200mV 85C Model Setup 'display_clock:refresh_clock|contador_mod_5:mod5_4|count[0]'
Slack : -1.205
TNS   : -2.375

Type  : Slow 1200mV 85C Model Setup 'display_clock:refresh_clock|contador_mod_5:mod5_2|count[0]'
Slack : -1.032
TNS   : -2.442

Type  : Slow 1200mV 85C Model Setup 'display_clock:refresh_clock|contador_mod_5:mod5|count[0]'
Slack : -0.991
TNS   : -1.753

Type  : Slow 1200mV 85C Model Setup 'display_clock:refresh_clock|contador_mod_5:mod5_3|count[0]'
Slack : -0.864
TNS   : -1.342

Type  : Slow 1200mV 85C Model Setup 'display_clock:refresh_clock|contador_mod_10:mod10|count[0]'
Slack : -0.614
TNS   : -0.614

Type  : Slow 1200mV 85C Model Setup 'display_clock:refresh_clock|clk_saida'
Slack : 0.000
TNS   : 0.000

Type  : Slow 1200mV 85C Model Hold 'display_clock:refresh_clock|contador_mod_5:mod5_4|count[0]'
Slack : 0.084
TNS   : 0.000

Type  : Slow 1200mV 85C Model Hold 'display_clock:refresh_clock|contador_mod_5:mod5_3|count[0]'
Slack : 0.103
TNS   : 0.000

Type  : Slow 1200mV 85C Model Hold 'display_clock:refresh_clock|contador_mod_5:mod5|count[0]'
Slack : 0.362
TNS   : 0.000

Type  : Slow 1200mV 85C Model Hold 'clk'
Slack : 0.364
TNS   : 0.000

Type  : Slow 1200mV 85C Model Hold 'display_clock:refresh_clock|contador_mod_5:mod5_2|count[0]'
Slack : 0.433
TNS   : 0.000

Type  : Slow 1200mV 85C Model Hold 'display_clock:refresh_clock|clk_saida'
Slack : 0.454
TNS   : 0.000

Type  : Slow 1200mV 85C Model Hold 'display_clock:refresh_clock|contador_mod_10:mod10|count[0]'
Slack : 0.487
TNS   : 0.000

Type  : Slow 1200mV 85C Model Minimum Pulse Width 'clk'
Slack : -3.000
TNS   : -395.877

Type  : Slow 1200mV 85C Model Minimum Pulse Width 'display_clock:refresh_clock|contador_mod_5:mod5_4|count[0]'
Slack : -1.487
TNS   : -5.948

Type  : Slow 1200mV 85C Model Minimum Pulse Width 'display_clock:refresh_clock|contador_mod_5:mod5_2|count[0]'
Slack : -1.487
TNS   : -4.461

Type  : Slow 1200mV 85C Model Minimum Pulse Width 'display_clock:refresh_clock|contador_mod_5:mod5_3|count[0]'
Slack : -1.487
TNS   : -4.461

Type  : Slow 1200mV 85C Model Minimum Pulse Width 'display_clock:refresh_clock|contador_mod_5:mod5|count[0]'
Slack : -1.487
TNS   : -4.461

Type  : Slow 1200mV 85C Model Minimum Pulse Width 'display_clock:refresh_clock|clk_saida'
Slack : -1.487
TNS   : -2.974

Type  : Slow 1200mV 85C Model Minimum Pulse Width 'display_clock:refresh_clock|contador_mod_10:mod10|count[0]'
Slack : -1.487
TNS   : -1.487

Type  : Slow 1200mV 0C Model Setup 'clk'
Slack : -10.339
TNS   : -360.975

Type  : Slow 1200mV 0C Model Setup 'display_clock:refresh_clock|contador_mod_5:mod5_4|count[0]'
Slack : -1.037
TNS   : -2.039

Type  : Slow 1200mV 0C Model Setup 'display_clock:refresh_clock|contador_mod_5:mod5_2|count[0]'
Slack : -0.916
TNS   : -2.376

Type  : Slow 1200mV 0C Model Setup 'display_clock:refresh_clock|contador_mod_5:mod5|count[0]'
Slack : -0.862
TNS   : -1.638

Type  : Slow 1200mV 0C Model Setup 'display_clock:refresh_clock|contador_mod_5:mod5_3|count[0]'
Slack : -0.758
TNS   : -1.337

Type  : Slow 1200mV 0C Model Setup 'display_clock:refresh_clock|contador_mod_10:mod10|count[0]'
Slack : -0.525
TNS   : -0.525

Type  : Slow 1200mV 0C Model Setup 'display_clock:refresh_clock|clk_saida'
Slack : 0.094
TNS   : 0.000

Type  : Slow 1200mV 0C Model Hold 'display_clock:refresh_clock|contador_mod_5:mod5_3|count[0]'
Slack : 0.046
TNS   : 0.000

Type  : Slow 1200mV 0C Model Hold 'display_clock:refresh_clock|contador_mod_5:mod5_4|count[0]'
Slack : 0.047
TNS   : 0.000

Type  : Slow 1200mV 0C Model Hold 'display_clock:refresh_clock|contador_mod_5:mod5|count[0]'
Slack : 0.236
TNS   : 0.000

Type  : Slow 1200mV 0C Model Hold 'clk'
Slack : 0.253
TNS   : 0.000

Type  : Slow 1200mV 0C Model Hold 'display_clock:refresh_clock|contador_mod_5:mod5_2|count[0]'
Slack : 0.264
TNS   : 0.000

Type  : Slow 1200mV 0C Model Hold 'display_clock:refresh_clock|clk_saida'
Slack : 0.403
TNS   : 0.000

Type  : Slow 1200mV 0C Model Hold 'display_clock:refresh_clock|contador_mod_10:mod10|count[0]'
Slack : 0.445
TNS   : 0.000

Type  : Slow 1200mV 0C Model Minimum Pulse Width 'clk'
Slack : -3.000
TNS   : -372.024

Type  : Slow 1200mV 0C Model Minimum Pulse Width 'display_clock:refresh_clock|contador_mod_5:mod5_4|count[0]'
Slack : -1.487
TNS   : -5.948

Type  : Slow 1200mV 0C Model Minimum Pulse Width 'display_clock:refresh_clock|contador_mod_5:mod5_2|count[0]'
Slack : -1.487
TNS   : -4.461

Type  : Slow 1200mV 0C Model Minimum Pulse Width 'display_clock:refresh_clock|contador_mod_5:mod5_3|count[0]'
Slack : -1.487
TNS   : -4.461

Type  : Slow 1200mV 0C Model Minimum Pulse Width 'display_clock:refresh_clock|contador_mod_5:mod5|count[0]'
Slack : -1.487
TNS   : -4.461

Type  : Slow 1200mV 0C Model Minimum Pulse Width 'display_clock:refresh_clock|clk_saida'
Slack : -1.487
TNS   : -2.974

Type  : Slow 1200mV 0C Model Minimum Pulse Width 'display_clock:refresh_clock|contador_mod_10:mod10|count[0]'
Slack : -1.487
TNS   : -1.487

Type  : Fast 1200mV 0C Model Setup 'clk'
Slack : -4.291
TNS   : -140.606

Type  : Fast 1200mV 0C Model Setup 'display_clock:refresh_clock|contador_mod_5:mod5_2|count[0]'
Slack : 0.016
TNS   : 0.000

Type  : Fast 1200mV 0C Model Setup 'display_clock:refresh_clock|contador_mod_10:mod10|count[0]'
Slack : 0.031
TNS   : 0.000

Type  : Fast 1200mV 0C Model Setup 'display_clock:refresh_clock|contador_mod_5:mod5|count[0]'
Slack : 0.058
TNS   : 0.000

Type  : Fast 1200mV 0C Model Setup 'display_clock:refresh_clock|contador_mod_5:mod5_4|count[0]'
Slack : 0.097
TNS   : 0.000

Type  : Fast 1200mV 0C Model Setup 'display_clock:refresh_clock|contador_mod_5:mod5_3|count[0]'
Slack : 0.239
TNS   : 0.000

Type  : Fast 1200mV 0C Model Setup 'display_clock:refresh_clock|clk_saida'
Slack : 0.567
TNS   : 0.000

Type  : Fast 1200mV 0C Model Hold 'display_clock:refresh_clock|contador_mod_5:mod5_3|count[0]'
Slack : 0.048
TNS   : 0.000

Type  : Fast 1200mV 0C Model Hold 'display_clock:refresh_clock|contador_mod_5:mod5_4|count[0]'
Slack : 0.048
TNS   : 0.000

Type  : Fast 1200mV 0C Model Hold 'clk'
Slack : 0.141
TNS   : 0.000

Type  : Fast 1200mV 0C Model Hold 'display_clock:refresh_clock|clk_saida'
Slack : 0.187
TNS   : 0.000

Type  : Fast 1200mV 0C Model Hold 'display_clock:refresh_clock|contador_mod_10:mod10|count[0]'
Slack : 0.196
TNS   : 0.000

Type  : Fast 1200mV 0C Model Hold 'display_clock:refresh_clock|contador_mod_5:mod5_2|count[0]'
Slack : 0.201
TNS   : 0.000

Type  : Fast 1200mV 0C Model Hold 'display_clock:refresh_clock|contador_mod_5:mod5|count[0]'
Slack : 0.201
TNS   : 0.000

Type  : Fast 1200mV 0C Model Minimum Pulse Width 'clk'
Slack : -3.000
TNS   : -154.492

Type  : Fast 1200mV 0C Model Minimum Pulse Width 'display_clock:refresh_clock|contador_mod_5:mod5_4|count[0]'
Slack : -1.000
TNS   : -4.000

Type  : Fast 1200mV 0C Model Minimum Pulse Width 'display_clock:refresh_clock|contador_mod_5:mod5_2|count[0]'
Slack : -1.000
TNS   : -3.000

Type  : Fast 1200mV 0C Model Minimum Pulse Width 'display_clock:refresh_clock|contador_mod_5:mod5_3|count[0]'
Slack : -1.000
TNS   : -3.000

Type  : Fast 1200mV 0C Model Minimum Pulse Width 'display_clock:refresh_clock|contador_mod_5:mod5|count[0]'
Slack : -1.000
TNS   : -3.000

Type  : Fast 1200mV 0C Model Minimum Pulse Width 'display_clock:refresh_clock|clk_saida'
Slack : -1.000
TNS   : -2.000

Type  : Fast 1200mV 0C Model Minimum Pulse Width 'display_clock:refresh_clock|contador_mod_10:mod10|count[0]'
Slack : -1.000
TNS   : -1.000

------------------------------------------------------------
