------------------------------------------------------------
Timing Analyzer Summary
------------------------------------------------------------

Type  : Slow 1200mV 85C Model Setup 'ajuste'
Slack : -10.694
TNS   : -336.266

Type  : Slow 1200mV 85C Model Setup 'trocar'
Slack : -9.670
TNS   : -295.717

Type  : Slow 1200mV 85C Model Setup 'clk'
Slack : -1.288
TNS   : -5.281

Type  : Slow 1200mV 85C Model Setup 'display_clock:refresh_clock|contador_mod_5:mod5_4|count[0]'
Slack : -1.176
TNS   : -2.178

Type  : Slow 1200mV 85C Model Setup 'display_clock:refresh_clock|contador_mod_5:mod5|count[0]'
Slack : -0.981
TNS   : -1.550

Type  : Slow 1200mV 85C Model Setup 'display_clock:refresh_clock|contador_mod_5:mod5_2|count[0]'
Slack : -0.979
TNS   : -1.661

Type  : Slow 1200mV 85C Model Setup 'display_clock:refresh_clock|contador_mod_5:mod5_3|count[0]'
Slack : -0.860
TNS   : -1.403

Type  : Slow 1200mV 85C Model Setup 'display_clock:refresh_clock|contador_mod_10:mod10|count[0]'
Slack : -0.351
TNS   : -0.351

Type  : Slow 1200mV 85C Model Setup 'display_clock:refresh_clock|clk_saida'
Slack : -0.002
TNS   : -0.002

Type  : Slow 1200mV 85C Model Hold 'trocar'
Slack : -1.670
TNS   : -24.365

Type  : Slow 1200mV 85C Model Hold 'display_clock:refresh_clock|contador_mod_5:mod5_4|count[0]'
Slack : -0.050
TNS   : -0.050

Type  : Slow 1200mV 85C Model Hold 'display_clock:refresh_clock|contador_mod_5:mod5_3|count[0]'
Slack : -0.027
TNS   : -0.052

Type  : Slow 1200mV 85C Model Hold 'ajuste'
Slack : 0.000
TNS   : 0.000

Type  : Slow 1200mV 85C Model Hold 'display_clock:refresh_clock|contador_mod_5:mod5|count[0]'
Slack : 0.085
TNS   : 0.000

Type  : Slow 1200mV 85C Model Hold 'display_clock:refresh_clock|contador_mod_10:mod10|count[0]'
Slack : 0.203
TNS   : 0.000

Type  : Slow 1200mV 85C Model Hold 'display_clock:refresh_clock|contador_mod_5:mod5_2|count[0]'
Slack : 0.268
TNS   : 0.000

Type  : Slow 1200mV 85C Model Hold 'clk'
Slack : 0.448
TNS   : 0.000

Type  : Slow 1200mV 85C Model Hold 'display_clock:refresh_clock|clk_saida'
Slack : 0.453
TNS   : 0.000

Type  : Slow 1200mV 85C Model Minimum Pulse Width 'ajuste'
Slack : -3.000
TNS   : -79.375

Type  : Slow 1200mV 85C Model Minimum Pulse Width 'trocar'
Slack : -3.000
TNS   : -77.806

Type  : Slow 1200mV 85C Model Minimum Pulse Width 'clk'
Slack : -3.000
TNS   : -13.409

Type  : Slow 1200mV 85C Model Minimum Pulse Width 'display_clock:refresh_clock|contador_mod_5:mod5_4|count[0]'
Slack : -1.487
TNS   : -5.948

Type  : Slow 1200mV 85C Model Minimum Pulse Width 'display_clock:refresh_clock|contador_mod_5:mod5_2|count[0]'
Slack : -1.487
TNS   : -4.461

Type  : Slow 1200mV 85C Model Minimum Pulse Width 'display_clock:refresh_clock|contador_mod_5:mod5_3|count[0]'
Slack : -1.487
TNS   : -4.461

Type  : Slow 1200mV 85C Model Minimum Pulse Width 'display_clock:refresh_clock|contador_mod_5:mod5|count[0]'
Slack : -1.487
TNS   : -4.461

Type  : Slow 1200mV 85C Model Minimum Pulse Width 'display_clock:refresh_clock|clk_saida'
Slack : -1.487
TNS   : -2.974

Type  : Slow 1200mV 85C Model Minimum Pulse Width 'display_clock:refresh_clock|contador_mod_10:mod10|count[0]'
Slack : -1.487
TNS   : -1.487

Type  : Slow 1200mV 0C Model Setup 'ajuste'
Slack : -9.863
TNS   : -311.810

Type  : Slow 1200mV 0C Model Setup 'trocar'
Slack : -8.937
TNS   : -275.741

Type  : Slow 1200mV 0C Model Setup 'clk'
Slack : -1.142
TNS   : -4.460

Type  : Slow 1200mV 0C Model Setup 'display_clock:refresh_clock|contador_mod_5:mod5_4|count[0]'
Slack : -1.028
TNS   : -1.852

Type  : Slow 1200mV 0C Model Setup 'display_clock:refresh_clock|contador_mod_5:mod5_2|count[0]'
Slack : -0.859
TNS   : -1.571

Type  : Slow 1200mV 0C Model Setup 'display_clock:refresh_clock|contador_mod_5:mod5|count[0]'
Slack : -0.856
TNS   : -1.430

Type  : Slow 1200mV 0C Model Setup 'display_clock:refresh_clock|contador_mod_5:mod5_3|count[0]'
Slack : -0.761
TNS   : -1.053

Type  : Slow 1200mV 0C Model Setup 'display_clock:refresh_clock|contador_mod_10:mod10|count[0]'
Slack : -0.282
TNS   : -0.282

Type  : Slow 1200mV 0C Model Setup 'display_clock:refresh_clock|clk_saida'
Slack : 0.092
TNS   : 0.000

Type  : Slow 1200mV 0C Model Hold 'trocar'
Slack : -1.575
TNS   : -22.228

Type  : Slow 1200mV 0C Model Hold 'ajuste'
Slack : -0.123
TNS   : -0.492

Type  : Slow 1200mV 0C Model Hold 'display_clock:refresh_clock|contador_mod_5:mod5_4|count[0]'
Slack : -0.075
TNS   : -0.075

Type  : Slow 1200mV 0C Model Hold 'display_clock:refresh_clock|contador_mod_5:mod5_3|count[0]'
Slack : -0.068
TNS   : -0.134

Type  : Slow 1200mV 0C Model Hold 'display_clock:refresh_clock|contador_mod_5:mod5|count[0]'
Slack : -0.054
TNS   : -0.108

Type  : Slow 1200mV 0C Model Hold 'display_clock:refresh_clock|contador_mod_5:mod5_2|count[0]'
Slack : 0.166
TNS   : 0.000

Type  : Slow 1200mV 0C Model Hold 'display_clock:refresh_clock|contador_mod_10:mod10|count[0]'
Slack : 0.181
TNS   : 0.000

Type  : Slow 1200mV 0C Model Hold 'clk'
Slack : 0.399
TNS   : 0.000

Type  : Slow 1200mV 0C Model Hold 'display_clock:refresh_clock|clk_saida'
Slack : 0.402
TNS   : 0.000

Type  : Slow 1200mV 0C Model Minimum Pulse Width 'ajuste'
Slack : -3.000
TNS   : -82.597

Type  : Slow 1200mV 0C Model Minimum Pulse Width 'trocar'
Slack : -3.000
TNS   : -76.546

Type  : Slow 1200mV 0C Model Minimum Pulse Width 'clk'
Slack : -3.000
TNS   : -13.409

Type  : Slow 1200mV 0C Model Minimum Pulse Width 'display_clock:refresh_clock|contador_mod_5:mod5_4|count[0]'
Slack : -1.487
TNS   : -5.948

Type  : Slow 1200mV 0C Model Minimum Pulse Width 'display_clock:refresh_clock|contador_mod_5:mod5_2|count[0]'
Slack : -1.487
TNS   : -4.461

Type  : Slow 1200mV 0C Model Minimum Pulse Width 'display_clock:refresh_clock|contador_mod_5:mod5_3|count[0]'
Slack : -1.487
TNS   : -4.461

Type  : Slow 1200mV 0C Model Minimum Pulse Width 'display_clock:refresh_clock|contador_mod_5:mod5|count[0]'
Slack : -1.487
TNS   : -4.461

Type  : Slow 1200mV 0C Model Minimum Pulse Width 'display_clock:refresh_clock|clk_saida'
Slack : -1.487
TNS   : -2.974

Type  : Slow 1200mV 0C Model Minimum Pulse Width 'display_clock:refresh_clock|contador_mod_10:mod10|count[0]'
Slack : -1.487
TNS   : -1.487

Type  : Fast 1200mV 0C Model Setup 'ajuste'
Slack : -4.239
TNS   : -135.031

Type  : Fast 1200mV 0C Model Setup 'trocar'
Slack : -3.857
TNS   : -121.717

Type  : Fast 1200mV 0C Model Setup 'clk'
Slack : -0.468
TNS   : -0.952

Type  : Fast 1200mV 0C Model Setup 'display_clock:refresh_clock|contador_mod_5:mod5|count[0]'
Slack : -0.010
TNS   : -0.010

Type  : Fast 1200mV 0C Model Setup 'display_clock:refresh_clock|contador_mod_5:mod5_2|count[0]'
Slack : 0.109
TNS   : 0.000

Type  : Fast 1200mV 0C Model Setup 'display_clock:refresh_clock|contador_mod_5:mod5_4|count[0]'
Slack : 0.128
TNS   : 0.000

Type  : Fast 1200mV 0C Model Setup 'display_clock:refresh_clock|contador_mod_10:mod10|count[0]'
Slack : 0.142
TNS   : 0.000

Type  : Fast 1200mV 0C Model Setup 'display_clock:refresh_clock|contador_mod_5:mod5_3|count[0]'
Slack : 0.265
TNS   : 0.000

Type  : Fast 1200mV 0C Model Setup 'display_clock:refresh_clock|clk_saida'
Slack : 0.564
TNS   : 0.000

Type  : Fast 1200mV 0C Model Hold 'trocar'
Slack : -0.694
TNS   : -10.205

Type  : Fast 1200mV 0C Model Hold 'display_clock:refresh_clock|contador_mod_5:mod5_3|count[0]'
Slack : 0.037
TNS   : 0.000

Type  : Fast 1200mV 0C Model Hold 'display_clock:refresh_clock|contador_mod_5:mod5_4|count[0]'
Slack : 0.045
TNS   : 0.000

Type  : Fast 1200mV 0C Model Hold 'display_clock:refresh_clock|contador_mod_10:mod10|count[0]'
Slack : 0.077
TNS   : 0.000

Type  : Fast 1200mV 0C Model Hold 'ajuste'
Slack : 0.084
TNS   : 0.000

Type  : Fast 1200mV 0C Model Hold 'clk'
Slack : 0.134
TNS   : 0.000

Type  : Fast 1200mV 0C Model Hold 'display_clock:refresh_clock|clk_saida'
Slack : 0.186
TNS   : 0.000

Type  : Fast 1200mV 0C Model Hold 'display_clock:refresh_clock|contador_mod_5:mod5_2|count[0]'
Slack : 0.201
TNS   : 0.000

Type  : Fast 1200mV 0C Model Hold 'display_clock:refresh_clock|contador_mod_5:mod5|count[0]'
Slack : 0.201
TNS   : 0.000

Type  : Fast 1200mV 0C Model Minimum Pulse Width 'ajuste'
Slack : -3.000
TNS   : -54.482

Type  : Fast 1200mV 0C Model Minimum Pulse Width 'trocar'
Slack : -3.000
TNS   : -48.274

Type  : Fast 1200mV 0C Model Minimum Pulse Width 'clk'
Slack : -3.000
TNS   : -10.156

Type  : Fast 1200mV 0C Model Minimum Pulse Width 'display_clock:refresh_clock|contador_mod_5:mod5_4|count[0]'
Slack : -1.000
TNS   : -4.000

Type  : Fast 1200mV 0C Model Minimum Pulse Width 'display_clock:refresh_clock|contador_mod_5:mod5_2|count[0]'
Slack : -1.000
TNS   : -3.000

Type  : Fast 1200mV 0C Model Minimum Pulse Width 'display_clock:refresh_clock|contador_mod_5:mod5_3|count[0]'
Slack : -1.000
TNS   : -3.000

Type  : Fast 1200mV 0C Model Minimum Pulse Width 'display_clock:refresh_clock|contador_mod_5:mod5|count[0]'
Slack : -1.000
TNS   : -3.000

Type  : Fast 1200mV 0C Model Minimum Pulse Width 'display_clock:refresh_clock|clk_saida'
Slack : -1.000
TNS   : -2.000

Type  : Fast 1200mV 0C Model Minimum Pulse Width 'display_clock:refresh_clock|contador_mod_10:mod10|count[0]'
Slack : -1.000
TNS   : -1.000

------------------------------------------------------------
