------------------------------------------------------------
Timing Analyzer Summary
------------------------------------------------------------

Type  : Slow 1200mV 85C Model Setup 'ajuste'
Slack : -11.315
TNS   : -352.535

Type  : Slow 1200mV 85C Model Setup 'trocar'
Slack : -9.425
TNS   : -304.776

Type  : Slow 1200mV 85C Model Setup 'clk'
Slack : -1.572
TNS   : -21.331

Type  : Slow 1200mV 85C Model Setup 'display_clock:refresh_clock|contador_mod_5:mod5_4|count[0]'
Slack : -1.180
TNS   : -2.304

Type  : Slow 1200mV 85C Model Setup 'display_clock:refresh_clock|contador_mod_5:mod5|count[0]'
Slack : -1.021
TNS   : -1.840

Type  : Slow 1200mV 85C Model Setup 'display_clock:refresh_clock|contador_mod_5:mod5_3|count[0]'
Slack : -0.975
TNS   : -1.775

Type  : Slow 1200mV 85C Model Setup 'display_clock:refresh_clock|contador_mod_5:mod5_2|count[0]'
Slack : -0.905
TNS   : -1.629

Type  : Slow 1200mV 85C Model Setup 'display_clock:refresh_clock|contador_mod_10:mod10|count[0]'
Slack : -0.212
TNS   : -0.212

Type  : Slow 1200mV 85C Model Setup 'display_clock:refresh_clock|clk_saida'
Slack : -0.001
TNS   : -0.001

Type  : Slow 1200mV 85C Model Hold 'trocar'
Slack : -1.426
TNS   : -24.708

Type  : Slow 1200mV 85C Model Hold 'display_clock:refresh_clock|contador_mod_5:mod5_4|count[0]'
Slack : -0.071
TNS   : -0.081

Type  : Slow 1200mV 85C Model Hold 'display_clock:refresh_clock|contador_mod_10:mod10|count[0]'
Slack : 0.055
TNS   : 0.000

Type  : Slow 1200mV 85C Model Hold 'display_clock:refresh_clock|contador_mod_5:mod5|count[0]'
Slack : 0.247
TNS   : 0.000

Type  : Slow 1200mV 85C Model Hold 'ajuste'
Slack : 0.248
TNS   : 0.000

Type  : Slow 1200mV 85C Model Hold 'display_clock:refresh_clock|contador_mod_5:mod5_2|count[0]'
Slack : 0.274
TNS   : 0.000

Type  : Slow 1200mV 85C Model Hold 'display_clock:refresh_clock|contador_mod_5:mod5_3|count[0]'
Slack : 0.360
TNS   : 0.000

Type  : Slow 1200mV 85C Model Hold 'display_clock:refresh_clock|clk_saida'
Slack : 0.454
TNS   : 0.000

Type  : Slow 1200mV 85C Model Hold 'clk'
Slack : 0.466
TNS   : 0.000

Type  : Slow 1200mV 85C Model Minimum Pulse Width 'ajuste'
Slack : -3.000
TNS   : -78.916

Type  : Slow 1200mV 85C Model Minimum Pulse Width 'trocar'
Slack : -3.000
TNS   : -75.406

Type  : Slow 1200mV 85C Model Minimum Pulse Width 'clk'
Slack : -3.000
TNS   : -28.279

Type  : Slow 1200mV 85C Model Minimum Pulse Width 'display_clock:refresh_clock|contador_mod_5:mod5_4|count[0]'
Slack : -1.487
TNS   : -5.948

Type  : Slow 1200mV 85C Model Minimum Pulse Width 'display_clock:refresh_clock|contador_mod_5:mod5_2|count[0]'
Slack : -1.487
TNS   : -4.461

Type  : Slow 1200mV 85C Model Minimum Pulse Width 'display_clock:refresh_clock|contador_mod_5:mod5_3|count[0]'
Slack : -1.487
TNS   : -4.461

Type  : Slow 1200mV 85C Model Minimum Pulse Width 'display_clock:refresh_clock|contador_mod_5:mod5|count[0]'
Slack : -1.487
TNS   : -4.461

Type  : Slow 1200mV 85C Model Minimum Pulse Width 'display_clock:refresh_clock|clk_saida'
Slack : -1.487
TNS   : -2.974

Type  : Slow 1200mV 85C Model Minimum Pulse Width 'display_clock:refresh_clock|contador_mod_10:mod10|count[0]'
Slack : -1.487
TNS   : -1.487

Type  : Slow 1200mV 0C Model Setup 'ajuste'
Slack : -10.392
TNS   : -328.038

Type  : Slow 1200mV 0C Model Setup 'trocar'
Slack : -8.666
TNS   : -285.046

Type  : Slow 1200mV 0C Model Setup 'clk'
Slack : -1.416
TNS   : -18.712

Type  : Slow 1200mV 0C Model Setup 'display_clock:refresh_clock|contador_mod_5:mod5_4|count[0]'
Slack : -1.014
TNS   : -1.997

Type  : Slow 1200mV 0C Model Setup 'display_clock:refresh_clock|contador_mod_5:mod5|count[0]'
Slack : -0.902
TNS   : -1.743

Type  : Slow 1200mV 0C Model Setup 'display_clock:refresh_clock|contador_mod_5:mod5_3|count[0]'
Slack : -0.857
TNS   : -1.669

Type  : Slow 1200mV 0C Model Setup 'display_clock:refresh_clock|contador_mod_5:mod5_2|count[0]'
Slack : -0.778
TNS   : -1.563

Type  : Slow 1200mV 0C Model Setup 'display_clock:refresh_clock|contador_mod_10:mod10|count[0]'
Slack : -0.145
TNS   : -0.145

Type  : Slow 1200mV 0C Model Setup 'display_clock:refresh_clock|clk_saida'
Slack : 0.091
TNS   : 0.000

Type  : Slow 1200mV 0C Model Hold 'trocar'
Slack : -1.396
TNS   : -22.431

Type  : Slow 1200mV 0C Model Hold 'display_clock:refresh_clock|contador_mod_5:mod5_4|count[0]'
Slack : -0.112
TNS   : -0.191

Type  : Slow 1200mV 0C Model Hold 'display_clock:refresh_clock|contador_mod_10:mod10|count[0]'
Slack : 0.023
TNS   : 0.000

Type  : Slow 1200mV 0C Model Hold 'display_clock:refresh_clock|contador_mod_5:mod5|count[0]'
Slack : 0.146
TNS   : 0.000

Type  : Slow 1200mV 0C Model Hold 'display_clock:refresh_clock|contador_mod_5:mod5_2|count[0]'
Slack : 0.192
TNS   : 0.000

Type  : Slow 1200mV 0C Model Hold 'display_clock:refresh_clock|contador_mod_5:mod5_3|count[0]'
Slack : 0.259
TNS   : 0.000

Type  : Slow 1200mV 0C Model Hold 'ajuste'
Slack : 0.317
TNS   : 0.000

Type  : Slow 1200mV 0C Model Hold 'display_clock:refresh_clock|clk_saida'
Slack : 0.401
TNS   : 0.000

Type  : Slow 1200mV 0C Model Hold 'clk'
Slack : 0.420
TNS   : 0.000

Type  : Slow 1200mV 0C Model Minimum Pulse Width 'ajuste'
Slack : -3.000
TNS   : -80.048

Type  : Slow 1200mV 0C Model Minimum Pulse Width 'trocar'
Slack : -3.000
TNS   : -74.781

Type  : Slow 1200mV 0C Model Minimum Pulse Width 'clk'
Slack : -3.000
TNS   : -28.279

Type  : Slow 1200mV 0C Model Minimum Pulse Width 'display_clock:refresh_clock|contador_mod_5:mod5_4|count[0]'
Slack : -1.487
TNS   : -5.948

Type  : Slow 1200mV 0C Model Minimum Pulse Width 'display_clock:refresh_clock|contador_mod_5:mod5_2|count[0]'
Slack : -1.487
TNS   : -4.461

Type  : Slow 1200mV 0C Model Minimum Pulse Width 'display_clock:refresh_clock|contador_mod_5:mod5_3|count[0]'
Slack : -1.487
TNS   : -4.461

Type  : Slow 1200mV 0C Model Minimum Pulse Width 'display_clock:refresh_clock|contador_mod_5:mod5|count[0]'
Slack : -1.487
TNS   : -4.461

Type  : Slow 1200mV 0C Model Minimum Pulse Width 'display_clock:refresh_clock|clk_saida'
Slack : -1.487
TNS   : -2.974

Type  : Slow 1200mV 0C Model Minimum Pulse Width 'display_clock:refresh_clock|contador_mod_10:mod10|count[0]'
Slack : -1.487
TNS   : -1.487

Type  : Fast 1200mV 0C Model Setup 'ajuste'
Slack : -4.183
TNS   : -134.546

Type  : Fast 1200mV 0C Model Setup 'trocar'
Slack : -3.594
TNS   : -116.472

Type  : Fast 1200mV 0C Model Setup 'clk'
Slack : -0.355
TNS   : -1.661

Type  : Fast 1200mV 0C Model Setup 'display_clock:refresh_clock|contador_mod_5:mod5_3|count[0]'
Slack : 0.066
TNS   : 0.000

Type  : Fast 1200mV 0C Model Setup 'display_clock:refresh_clock|contador_mod_5:mod5_2|count[0]'
Slack : 0.087
TNS   : 0.000

Type  : Fast 1200mV 0C Model Setup 'display_clock:refresh_clock|contador_mod_5:mod5|count[0]'
Slack : 0.097
TNS   : 0.000

Type  : Fast 1200mV 0C Model Setup 'display_clock:refresh_clock|contador_mod_5:mod5_4|count[0]'
Slack : 0.099
TNS   : 0.000

Type  : Fast 1200mV 0C Model Setup 'display_clock:refresh_clock|contador_mod_10:mod10|count[0]'
Slack : 0.177
TNS   : 0.000

Type  : Fast 1200mV 0C Model Setup 'display_clock:refresh_clock|clk_saida'
Slack : 0.565
TNS   : 0.000

Type  : Fast 1200mV 0C Model Hold 'trocar'
Slack : -0.575
TNS   : -9.379

Type  : Fast 1200mV 0C Model Hold 'display_clock:refresh_clock|contador_mod_10:mod10|count[0]'
Slack : 0.035
TNS   : 0.000

Type  : Fast 1200mV 0C Model Hold 'display_clock:refresh_clock|contador_mod_5:mod5_4|count[0]'
Slack : 0.052
TNS   : 0.000

Type  : Fast 1200mV 0C Model Hold 'ajuste'
Slack : 0.187
TNS   : 0.000

Type  : Fast 1200mV 0C Model Hold 'display_clock:refresh_clock|clk_saida'
Slack : 0.187
TNS   : 0.000

Type  : Fast 1200mV 0C Model Hold 'clk'
Slack : 0.192
TNS   : 0.000

Type  : Fast 1200mV 0C Model Hold 'display_clock:refresh_clock|contador_mod_5:mod5_2|count[0]'
Slack : 0.201
TNS   : 0.000

Type  : Fast 1200mV 0C Model Hold 'display_clock:refresh_clock|contador_mod_5:mod5_3|count[0]'
Slack : 0.201
TNS   : 0.000

Type  : Fast 1200mV 0C Model Hold 'display_clock:refresh_clock|contador_mod_5:mod5|count[0]'
Slack : 0.201
TNS   : 0.000

Type  : Fast 1200mV 0C Model Minimum Pulse Width 'ajuste'
Slack : -3.000
TNS   : -55.866

Type  : Fast 1200mV 0C Model Minimum Pulse Width 'trocar'
Slack : -3.000
TNS   : -47.900

Type  : Fast 1200mV 0C Model Minimum Pulse Width 'clk'
Slack : -3.000
TNS   : -21.240

Type  : Fast 1200mV 0C Model Minimum Pulse Width 'display_clock:refresh_clock|contador_mod_5:mod5_4|count[0]'
Slack : -1.000
TNS   : -4.000

Type  : Fast 1200mV 0C Model Minimum Pulse Width 'display_clock:refresh_clock|contador_mod_5:mod5_2|count[0]'
Slack : -1.000
TNS   : -3.000

Type  : Fast 1200mV 0C Model Minimum Pulse Width 'display_clock:refresh_clock|contador_mod_5:mod5_3|count[0]'
Slack : -1.000
TNS   : -3.000

Type  : Fast 1200mV 0C Model Minimum Pulse Width 'display_clock:refresh_clock|contador_mod_5:mod5|count[0]'
Slack : -1.000
TNS   : -3.000

Type  : Fast 1200mV 0C Model Minimum Pulse Width 'display_clock:refresh_clock|clk_saida'
Slack : -1.000
TNS   : -2.000

Type  : Fast 1200mV 0C Model Minimum Pulse Width 'display_clock:refresh_clock|contador_mod_10:mod10|count[0]'
Slack : -1.000
TNS   : -1.000

------------------------------------------------------------
